workers: 3 run budget (ms): 65564000 -> until 2026-09-15T05:30:06.690Z
[progress @ 15.0min] games: 15 errors: 0 positions: 1070 outcomes: {"white":3,"black":1,"draw":10,"unfinished":1}
[progress @ 30.0min] games: 37 errors: 0 positions: 2539 outcomes: {"white":6,"black":5,"draw":22,"unfinished":4}
[progress @ 45.0min] games: 54 errors: 0 positions: 3872 outcomes: {"white":10,"black":11,"draw":29,"unfinished":4}
[progress @ 60.0min] games: 69 errors: 0 positions: 4931 outcomes: {"white":11,"black":15,"draw":38,"unfinished":5}
[progress @ 75.0min] games: 85 errors: 0 positions: 5929 outcomes: {"white":13,"black":17,"draw":47,"unfinished":8}
[progress @ 90.0min] games: 95 errors: 0 positions: 6787 outcomes: {"white":15,"black":21,"draw":51,"unfinished":8}
[progress @ 105.0min] games: 111 errors: 0 positions: 8100 outcomes: {"white":17,"black":26,"draw":60,"unfinished":8}
[progress @ 120.0min] games: 125 errors: 0 positions: 9180 outcomes: {"white":21,"black":28,"draw":65,"unfinished":11}
[progress @ 135.0min] games: 136 errors: 0 positions: 10178 outcomes: {"white":24,"black":31,"draw":70,"unfinished":11}
[progress @ 150.0min] games: 151 errors: 0 positions: 11235 outcomes: {"white":27,"black":34,"draw":79,"unfinished":11}
[progress @ 165.0min] games: 171 errors: 0 positions: 12443 outcomes: {"white":33,"black":38,"draw":89,"unfinished":11}
[progress @ 180.0min] games: 188 errors: 0 positions: 13388 outcomes: {"white":34,"black":45,"draw":97,"unfinished":12}
[progress @ 195.0min] games: 200 errors: 0 positions: 14433 outcomes: {"white":36,"black":47,"draw":104,"unfinished":13}
[progress @ 210.0min] games: 220 errors: 0 positions: 15561 outcomes: {"white":37,"black":52,"draw":116,"unfinished":15}
[progress @ 225.0min] games: 236 errors: 0 positions: 16702 outcomes: {"white":37,"black":54,"draw":128,"unfinished":17}
[progress @ 240.0min] games: 247 errors: 0 positions: 17665 outcomes: {"white":37,"black":55,"draw":136,"unfinished":19}
[progress @ 255.0min] games: 262 errors: 0 positions: 18858 outcomes: {"white":37,"black":59,"draw":146,"unfinished":20}
[progress @ 270.0min] games: 275 errors: 0 positions: 19940 outcomes: {"white":40,"black":61,"draw":154,"unfinished":20}
[progress @ 285.0min] games: 293 errors: 0 positions: 21020 outcomes: {"white":42,"black":65,"draw":164,"unfinished":22}
[progress @ 300.0min] games: 305 errors: 0 positions: 21918 outcomes: {"white":43,"black":66,"draw":171,"unfinished":25}
[progress @ 315.0min] games: 319 errors: 0 positions: 23232 outcomes: {"white":47,"black":68,"draw":179,"unfinished":25}
[progress @ 330.0min] games: 334 errors: 0 positions: 24232 outcomes: {"white":47,"black":74,"draw":187,"unfinished":26}
[progress @ 345.0min] games: 350 errors: 0 positions: 25508 outcomes: {"white":51,"black":78,"draw":195,"unfinished":26}
[progress @ 360.0min] games: 365 errors: 0 positions: 26553 outcomes: {"white":55,"black":80,"draw":202,"unfinished":28}
[progress @ 375.0min] games: 381 errors: 0 positions: 27766 outcomes: {"white":59,"black":82,"draw":212,"unfinished":28}
[progress @ 390.0min] games: 399 errors: 0 positions: 28857 outcomes: {"white":62,"black":86,"draw":222,"unfinished":29}
[progress @ 405.0min] games: 408 errors: 0 positions: 29753 outcomes: {"white":62,"black":86,"draw":231,"unfinished":29}
[progress @ 420.0min] games: 421 errors: 0 positions: 30673 outcomes: {"white":63,"black":86,"draw":243,"unfinished":29}
[progress @ 435.0min] games: 436 errors: 0 positions: 31888 outcomes: {"white":63,"black":91,"draw":252,"unfinished":30}
[progress @ 450.0min] games: 453 errors: 0 positions: 33094 outcomes: {"white":64,"black":95,"draw":264,"unfinished":30}
[progress @ 465.0min] games: 469 errors: 0 positions: 34174 outcomes: {"white":64,"black":100,"draw":273,"unfinished":32}
[progress @ 480.0min] games: 489 errors: 0 positions: 35632 outcomes: {"white":67,"black":107,"draw":281,"unfinished":34}
[progress @ 495.0min] games: 504 errors: 0 positions: 36680 outcomes: {"white":72,"black":107,"draw":290,"unfinished":35}
[progress @ 510.0min] games: 519 errors: 0 positions: 38097 outcomes: {"white":74,"black":110,"draw":300,"unfinished":35}
[progress @ 525.0min] games: 531 errors: 0 positions: 39144 outcomes: {"white":78,"black":112,"draw":305,"unfinished":36}
[progress @ 540.0min] games: 546 errors: 0 positions: 40459 outcomes: {"white":79,"black":116,"draw":315,"unfinished":36}
[progress @ 555.0min] games: 564 errors: 0 positions: 41665 outcomes: {"white":83,"black":120,"draw":325,"unfinished":36}
[progress @ 570.0min] games: 588 errors: 0 positions: 42953 outcomes: {"white":88,"black":124,"draw":338,"unfinished":38}
[progress @ 585.0min] games: 604 errors: 0 positions: 44103 outcomes: {"white":89,"black":126,"draw":349,"unfinished":40}
[progress @ 600.0min] games: 615 errors: 0 positions: 45020 outcomes: {"white":89,"black":130,"draw":356,"unfinished":40}
[progress @ 615.0min] games: 631 errors: 0 positions: 46541 outcomes: {"white":93,"black":131,"draw":366,"unfinished":41}
[progress @ 630.0min] games: 648 errors: 0 positions: 47793 outcomes: {"white":95,"black":136,"draw":376,"unfinished":41}
[progress @ 645.0min] games: 664 errors: 0 positions: 48948 outcomes: {"white":98,"black":141,"draw":383,"unfinished":42}
[progress @ 660.0min] games: 683 errors: 0 positions: 50225 outcomes: {"white":100,"black":146,"draw":394,"unfinished":43}
[progress @ 675.0min] games: 703 errors: 0 positions: 51529 outcomes: {"white":102,"black":151,"draw":407,"unfinished":43}
[progress @ 690.0min] games: 717 errors: 0 positions: 52642 outcomes: {"white":106,"black":151,"draw":416,"unfinished":44}
[progress @ 705.0min] games: 730 errors: 0 positions: 53752 outcomes: {"white":110,"black":155,"draw":421,"unfinished":44}

=== RUN INTERRUPTED: cloud container restarted @ 2026-09-14T23:12Z ===
Process (PID 2014) was killed by an unplanned container restart, not by
reaching the planned deadline (2026-09-15T05:30:06Z). Last write to the
output file: 2026-09-14T23:11:56Z.

Final stats for this (truncated) run, reconstructed from
selfplay-data.merged-engine-deep-cloud.jsonl (740 complete games, split on
pliesFromEnd===0 markers):
  elapsed ms: ~42817310 (11h 53m 37s of a planned 18h 12m 44s, ~65.3%)
  games: 740  errors: 0  positions: 54543
  games/sec: 0.0173  positions/hour: ~4586
  game length (plies): min 1, max 300, avg 73.7
  outcome distribution: {"white":112,"black":158,"draw":424,"unfinished":46}
  (draw rate: 57.3%, unfinished rate: 6.2%)

Continuing with a fresh process for the remaining ~6.3h budget, writing to
selfplay-data.merged-engine-deep-cloud-part2.jsonl so this file's 54543
positions are left untouched.
