NNUE_VARIANT: new (lr=0.0002, dropout=0.2, epochs=40, patience=12)
tf backend: wasm
snapshotted training data to: D:\증강체스엔진\nnue\snapshots\selfplay-data.2026-09-12T00-27-50-049Z.jsonl
skipped exploration-tainted positions: 7274
skipped unfinished-game positions: 3330
down-weighting 1201 of 1210 games containing a big eval swing (>= 10000 )
loaded cached encoded features (89962 rows) -- skipping re-encode
skipped terminal positions: 692
reconstructed games: 883
positions loaded: 89962
train/val split: game 794 of 883 -> position index 80569 of 89962
training examples after pliesFromEnd-weighted oversampling: 81716 (from 80569 unique)
epoch 0 loss 0.9780 val_loss 1.0622
epoch 5 loss 0.9334 val_loss 1.0324
epoch 10 loss 0.2715 val_loss 0.3549
epoch 15 loss 0.2124 val_loss 0.3739
epoch 20 loss 0.2045 val_loss 0.3299
epoch 25 loss 0.1960 val_loss 0.3115
epoch 30 loss 0.1958 val_loss 0.3249
epoch 35 loss 0.1976 val_loss 0.3414
stopped early at best epoch 25 (val_loss 0.3115)
weights saved to nnue/model/weights.json
prediction for the game-1 starting position (white to move): -0.04070471227169037
sign-agreement accuracy on decisive validation positions: 76.0% (2348/3089)
  fewer pieces on board (<=12, endgame-ish): 89.8% (44/49)
  more pieces on board (>12, opening/midgame-ish): 75.8% (2304/3040)
