NNUE_VARIANT: new (lr=0.0002, dropout=0.2, epochs=40, patience=12)
tf backend: wasm
snapshotted training data to: D:\증강체스엔진\nnue\snapshots\selfplay-data.2026-09-11T23-51-33-341Z.jsonl
skipped exploration-tainted positions: 7274
skipped unfinished-game positions: 3330
down-weighting 1201 of 1210 games containing a big eval swing (>= 10000 )
encoding 90654 positions across 7 worker(s)...
skipped terminal positions: 692
reconstructed games: 883
positions loaded: 89962
train/val split: game 794 of 883 -> position index 80569 of 89962
training examples after pliesFromEnd-weighted oversampling: 81716 (from 80569 unique)
epoch 0 loss 0.9934 val_loss 1.0677
epoch 5 loss 0.6142 val_loss 0.4498
epoch 10 loss 0.2295 val_loss 0.3197
epoch 15 loss 0.2045 val_loss 0.3457
epoch 20 loss 0.2002 val_loss 0.3357
epoch 25 loss 0.2022 val_loss 0.3574
epoch 30 loss 0.1983 val_loss 0.3333
stopped early at best epoch 18 (val_loss 0.3093)
weights saved to nnue/model/weights.json
prediction for the game-1 starting position (white to move): -0.046792395412921906
sign-agreement accuracy on decisive validation positions: 74.8% (2311/3089)
  fewer pieces on board (<=12, endgame-ish): 93.9% (46/49)
  more pieces on board (>12, opening/midgame-ish): 74.5% (2265/3040)
