NNUE_VARIANT: new (lr=0.0002, dropout=0.2, epochs=40, patience=12)
tf backend: wasm
snapshotted training data to: D:\증강체스엔진\nnue\snapshots\selfplay-data.2026-09-11T23-15-48-434Z.jsonl
skipped exploration-tainted positions: 7274
skipped unfinished-game positions: 3330
down-weighting 1201 of 1210 games containing a big eval swing (>= 10000 )
loaded cached encoded features (89962 rows) -- skipping re-encode
skipped terminal positions: 692
reconstructed games: 883
positions loaded: 89962
train/val split: game 794 of 883 -> position index 80569 of 89962
training examples after pliesFromEnd-weighted oversampling: 81716 (from 80569 unique)
epoch 0 loss 0.9164 val_loss 0.8314
epoch 5 loss 0.2222 val_loss 0.3864
epoch 10 loss 0.2089 val_loss 0.3574
epoch 15 loss 0.2080 val_loss 0.3767
epoch 20 loss 0.2042 val_loss 0.3406
epoch 25 loss 0.2008 val_loss 0.3465
epoch 30 loss 0.2054 val_loss 0.3475
epoch 35 loss 0.2036 val_loss 0.3452
stopped early at best epoch 23 (val_loss 0.3323)
weights saved to nnue/model/weights.json
prediction for the game-1 starting position (white to move): -0.24259530007839203
sign-agreement accuracy on decisive validation positions: 70.8% (2188/3089)
  fewer pieces on board (<=12, endgame-ish): 98.0% (48/49)
  more pieces on board (>12, opening/midgame-ish): 70.4% (2140/3040)
