NNUE_VARIANT: new (lr=0.0002, dropout=0.2, epochs=40, patience=12)
tf backend: wasm
snapshotted training data to: D:\증강체스엔진\nnue\snapshots\selfplay-data.2026-09-16T08-18-40-593Z.jsonl
skipped exploration-tainted positions: 4513
skipped unfinished-game positions: 962
down-weighting 785 of 794 games containing a big eval swing (>= 10000 )
encoding 54646 positions across 7 worker(s)...
skipped terminal positions: 550
reconstructed games: 561
positions loaded: 54096
train/val split: game 504 of 561 -> position index 48982 of 54096
training examples after pliesFromEnd-weighted oversampling: 49679 (from 48982 unique)
epoch 0 loss 0.9083 val_loss 0.9886
epoch 5 loss 0.1773 val_loss 0.3081
epoch 10 loss 0.1512 val_loss 0.2691
epoch 15 loss 0.1458 val_loss 0.2792
epoch 20 loss 0.1453 val_loss 0.2719
epoch 25 loss 0.1417 val_loss 0.2718
stopped early at best epoch 14 (val_loss 0.2496)
weights saved to nnue/model/weights.json
prediction for the game-1 starting position (white to move): 0.02072392962872982
sign-agreement accuracy on decisive validation positions: 64.8% (690/1064)
  fewer pieces on board (<=12, endgame-ish): 71.4% (35/49)
  more pieces on board (>12, opening/midgame-ish): 64.5% (655/1015)
