NNUE_VARIANT: new (lr=0.0002, dropout=0.2, epochs=40, patience=12)
tf backend: wasm
snapshotted training data to: D:\증강체스엔진\nnue\snapshots\selfplay-data.2026-09-16T06-49-18-649Z.jsonl
skipped exploration-tainted positions: 4003
skipped unfinished-game positions: 835
down-weighting 694 of 702 games containing a big eval swing (>= 10000 )
encoding 48339 positions across 7 worker(s)...
skipped terminal positions: 436
reconstructed games: 490
positions loaded: 47903
train/val split: game 441 of 490 -> position index 43247 of 47903
training examples after pliesFromEnd-weighted oversampling: 43866 (from 43247 unique)
epoch 0 loss 1.0005 val_loss 1.0670
epoch 5 loss 0.1925 val_loss 0.2525
epoch 10 loss 0.1491 val_loss 0.2539
epoch 15 loss 0.1383 val_loss 0.2863
epoch 20 loss 0.1370 val_loss 0.2815
stopped early at best epoch 8 (val_loss 0.2444)
weights saved to nnue/model/weights.json
prediction for the game-1 starting position (white to move): 0.07560180872678757
sign-agreement accuracy on decisive validation positions: 66.8% (663/992)
  fewer pieces on board (<=12, endgame-ish): 75.5% (37/49)
  more pieces on board (>12, opening/midgame-ish): 66.4% (626/943)
